// Jest Snapshot v1, https://goo.gl/fbAQLP

exports[`Snapshot renderer 1`] = `
<div
  className="sc-jSFkmK fLOuYw className"
  onDoubleClick={[Function]}
  style={Object {}}
>
  <div
    className="sc-gKAblj lfHsLf"
  >
    <div
      className="sc-fujyUd hxaril"
      id="cardundefined"
    >
      <div
        className="sc-pNWxx fPZvDG"
      >
        <span
          className="sc-dIsAE iCpRUT"
        >
          
        </span>
        <div
          className="sc-jrsJCI MAmEw"
        >
          <div
            className="sc-kEqYlL iLtMjI"
          >
            <div
              className="sc-iqAbSa gKWHDV"
              style={
                Object {
                  "color": undefined,
                }
              }
            />
            <div
              className="sc-iqAbSa gKWHDV"
              style={
                Object {
                  "color": undefined,
                }
              }
            />
            <div>
              <figure
                className="sc-bqGHjH insWpZ"
              >
                <div
                  className="tooltip"
                >
                  <img
                    alt="Have description"
                  />
                  <span
                    className="tooltiptext"
                  >
                    Possui descrição
                  </span>
                </div>
                <div
                  className="tooltip"
                >
                  <img
                    alt="Someone follow"
                  />
                  <span
                    className="tooltiptext"
                  >
                    Seguindo
                  </span>
                </div>
              </figure>
            </div>
          </div>
          <div
            className="sc-crzoUp"
          >
            <div
              className="tooltip"
            >
              <span />
              <span
                className="tooltiptext"
              >
                Tempo Estimado
              </span>
            </div>
          </div>
        </div>
        <section
          className="sc-ksluoS lifbBD"
        >
          <div>
            <div>
              <h4
                className="sc-hBMVcZ dJdmiy"
              >
                
              </h4>
            </div>
            <div>
              <p>
                
              </p>
            </div>
          </div>
          <div>
            <input
              className="sc-fnVYJo"
              defaultChecked=""
              onClick={[Function]}
              type="checkbox"
            />
          </div>
        </section>
        <div
          className="sc-fFSRdu cBTUln"
        >
          <figure
            className="sc-bkbjAj LssfT"
          >
            <div
              className="tooltip"
            >
              <img
                alt="user icon"
                src={
                  Object {
                    "about": "",
                    "email": "",
                    "id": 0,
                    "image": "",
                    "name": "",
                  }
                }
              />
              <span
                className="tooltiptext"
              />
            </div>
          </figure>
          <div
            className="sc-iemXMA bErASg"
          >
            <div
              className="tooltip"
            >
              <span />
              <span
                className="tooltiptext"
              >
                Data de Entrega
              </span>
            </div>
          </div>
        </div>
      </div>
      <div
        style={
          Object {
            "position": "relative",
          }
        }
      >
        <button
          className="sc-dIvqjp hqzKSZ"
          onClick={[Function]}
        >
          remover
        </button>
        
      </div>
      <div
        className="sc-bCwgka kkbsiN"
      />
    </div>
  </div>
</div>
`;
