// Jest Snapshot v1, https://goo.gl/fbAQLP

exports[`Snapshot renderer 1`] = `
<div>
  <div
    className="sc-iJCRLp bwfUlN"
  >
    <div
      className="sc-giAqnE jBBlrY"
    >
      <h1
        className="sc-iklIKw bYHFxB"
        fontSize={16}
        fontStyle="italic"
        fontWeight={700}
      />
    </div>
    <h1
      className="sc-iklIKw fzaGyt"
      fontSize={12}
      fontStyle="italic"
      fontWeight={700}
    />
    <div
      className="sc-jJMGHv ilzVxZ"
    />
    <div
      className="sc-giAqnE drKKNL"
    >
      <div
        className="sc-bYwzba iwniLP"
      >
        <h1
          className="sc-iklIKw cYDQLW"
          fontSize={15}
          fontStyle="italic"
          fontWeight={700}
        />
      </div>
    </div>
  </div>
</div>
`;
