// Jest Snapshot v1, https://goo.gl/fbAQLP

exports[`Snapshot renders 1`] = `
<div
  className="sc-bdnylx gOyGLT"
>
  <div
    className="sc-hKFyIo gnBfdK"
  >
    <span />
    <span />
    <span />
  </div>
  <div
    className="sc-gtssRu bgBLvI"
  >
    <div
      className="sc-dlnjPT csVGFK"
    >
      <h4>
        OBJETOS
      </h4>
    </div>
    <div
      className="sc-eCApGN leDWvJ"
    >
      <div
        className="tooltip"
      >
        <img
          alt="group"
          id="group"
        />
        <span
          className="tooltiptext"
        >
          Agrupar cartões
        </span>
      </div>
      <div
        className="tooltip"
      >
        <img
          alt="create"
          id="card"
        />
        <span
          className="tooltiptext"
        >
          Cartão padrão
        </span>
      </div>
      <div
        className="tooltip"
      >
        <img
          alt="fast"
          id="fast"
        />
        <span
          className="tooltiptext"
        >
          Cartão Rápido
        </span>
      </div>
      <div
        className="tooltip"
      >
        <img
          alt="remove"
          id="trash"
        />
        <span
          className="tooltiptext"
        >
          Habilitar lixeira
        </span>
      </div>
    </div>
  </div>
  <div
    className="sc-gtssRu bgBLvI"
  >
    <div
      className="sc-dlnjPT csVGFK"
    >
      <h4>
        FERRAMENTAS
      </h4>
    </div>
    <div
      className="sc-eCApGN leDWvJ"
    >
      <div
        className="tooltip"
      >
        <img
          alt="text"
          id="addText"
        />
        <span
          className="tooltiptext"
        >
          Adicionar Texto
        </span>
      </div>
      <div
        className="tooltip"
      >
        <img
          alt="connect"
          id="connect"
        />
        <span
          className="tooltiptext"
        >
          Conectar cartão
        </span>
      </div>
      <div
        className="tooltip"
      >
        <img
          alt="pin/follow"
          id="pin"
        />
        <span
          className="tooltiptext"
        >
          Seguir cartão
        </span>
      </div>
      <div
        className="tooltip"
      >
        <img
          alt="block"
          id="blocked"
        />
        <span
          className="tooltiptext"
        >
          Bloquear cartão
        </span>
      </div>
    </div>
  </div>
</div>
`;
