// Jest Snapshot v1, https://goo.gl/fbAQLP

exports[`Renders add new messages 1`] = `
<div
  className="sc-ikXwZx lgDYDc"
  height="450px"
  width="280px"
>
  <div
    className="sc-uxeQQ ckNEeP"
  >
    <div
      className="sc-biJoGX gvKyip"
    >
      <h2>
        Notificações recentes
      </h2>
    </div>
    <div
      className="sc-eHEFXm hjwpKt"
      onClick={[Function]}
    >
       - 
    </div>
  </div>
  <div
    className="sc-hzUJqN sc-kYQaHc eQuERU dAPfrI"
  />
</div>
`;
