// Jest Snapshot v1, https://goo.gl/fbAQLP

exports[`Snapshot renderer 1`] = `
<div
  className="sc-jSFkmK dGdeeh"
  style={Object {}}
>
  <div
    className="sc-iCoHVE gurCqT"
    draggable={false}
    style={
      Object {
        "touchAction": "none",
        "transform": "translateX(undefined) translateY(undefined) translateZ(0)",
        "userSelect": "none",
      }
    }
  />
</div>
`;
